// Jest Snapshot v1, https://goo.gl/fbAQLP

exports[`renders correctly 1`] = `
<RCTScrollView
  testID="savedRecipesTab"
>
  <View>
    <View
      style={
        Object {
          "backgroundColor": "#393e42",
          "borderBottomColor": "#000",
          "borderBottomWidth": 1,
          "borderTopColor": "#000",
          "borderTopWidth": 1,
          "padding": 8,
        }
      }
    >
      <View
        style={
          Object {
            "paddingHorizontal": 0,
            "width": "100%",
          }
        }
      >
        <View
          style={
            Object {
              "alignItems": "center",
              "backgroundColor": "#303337",
              "borderBottomWidth": 0,
              "borderColor": "#86939e",
              "borderRadius": 3,
              "flexDirection": "row",
              "minHeight": 30,
              "overflow": "hidden",
              "transform": Array [
                Object {
                  "translateX": 0,
                },
              ],
            }
          }
        >
          <View
            style={
              Object {
                "alignItems": "center",
                "height": 40,
                "justifyContent": "center",
                "marginLeft": 8,
                "marginVertical": 4,
                "paddingRight": 4,
              }
            }
          >
            <View
              style={
                Object {
                  "overflow": "hidden",
                }
              }
            >
              <View>
                <View
                  style={
                    Object {
                      "alignItems": "center",
                      "backgroundColor": "transparent",
                      "justifyContent": "center",
                    }
                  }
                >
                  <Text />
                </View>
              </View>
            </View>
          </View>
          <TextInput
            allowFontScaling={true}
            editable={true}
            onBlur={[Function]}
            onChangeText={[Function]}
            onFocus={[Function]}
            placeholder="Search recipes"
            placeholderTextColor="#86939e"
            platform="default"
            rejectResponderTermination={true}
            style={
              Object {
                "color": "#86939e",
                "flex": 1,
                "fontSize": 18,
                "marginLeft": 10,
                "minHeight": 40,
              }
            }
            testID="savedSearch"
            underlineColorAndroid="transparent"
            value=""
          >
             
          </TextInput>
          <View
            style={
              Object {
                "alignItems": "center",
                "height": 40,
                "justifyContent": "center",
                "marginRight": 8,
                "marginVertical": 4,
                "paddingRight": 4,
              }
            }
          >
            <View
              style={
                Object {
                  "flexDirection": "row",
                }
              }
            />
          </View>
        </View>
        <Text
          style={
            Object {
              "color": "#ff190c",
              "fontSize": 12,
              "height": 0,
              "margin": 0,
              "padding": 0,
            }
          }
        />
      </View>
    </View>
    <Text
      style={
        Object {
          "backgroundColor": "green",
          "borderColor": "#20232a",
          "borderRadius": 6,
          "borderWidth": 3,
          "color": "black",
          "fontSize": 20,
          "fontWeight": "bold",
          "marginTop": 0,
          "paddingVertical": 6,
          "textAlign": "center",
        }
      }
    >
       Your saved recipes: 
    </Text>
    <Text>
      ⬤
       Recipe 1
    </Text>
    <Text>
      ⬤
       Recipe 2
    </Text>
    <Text>
      ⬤
       Recipe 3
    </Text>
    <Text>
      ⬤
       Recipe 4
    </Text>
    <Text>
      ⬤
       Recipe 5
    </Text>
    <Text>
       
    </Text>
    <Text>
      (Note: the above search bar is still under construction.)
    </Text>
  </View>
</RCTScrollView>
`;
